******************************************************************************
               TMS320C6x Linker PC v7.2.3                      
******************************************************************************
>> Linked Wed Apr 25 20:58:12 2018

OUTPUT FILE NAME:   <RingModLab.out>
ENTRY POINT SYMBOL: "_c_int00"  address: 0000ba60


MEMORY CONFIGURATION

         name            origin    length      used     unused   attr    fill
----------------------  --------  ---------  --------  --------  ----  --------
  IVECS                 00000000   00000220  00000200  00000020  RWIX
  IRAM                  00000220   0002fde0  0000d324  00022abc  RWIX
  SDRAM                 80000000   00100000  0003a988  000c5678  RWIX
  FLASH                 90000000   00020000  00000000  00020000  RWIX


SECTION ALLOCATION MAP

 output                                  attributes/
section   page    origin      length       input sections
--------  ----  ----------  ----------   ----------------
.vecs      0    00000000    00000200     
                  00000000    00000200     Vectors_intr.obj (.vecs)

.text      0    00000220    0000bd00     
                  00000220    00000c60     rts6700.lib : _scanfi.obj (.text:__scanfi)
                  00000e80    000007e0                 : divd.obj (.text:__divd)
                  00001660    000007c0                 : _scanfi.obj (.text:__sset_arg)
                  00001e20    000007a0     c6713dskinit.obj (.text)
                  000025c0    00000680     testing_main.obj (.text:retain)
                  00002c40    00000620     rts6700.lib : _scanfi.obj (.text:__sproc_int)
                  00003260    00000620     testing_main.obj (.text)
                  00003880    00000600     rts6700.lib : strtod.obj (.text:_strtod)
                  00003e80    00000600                 : strtold.obj (.text:_strtold)
                  00004480    000005e0                 : strtoll.obj (.text:_strtoll)
                  00004a60    00000540                 : strtol.obj (.text:_strtol)
                  00004fa0    00000500                 : strtoul.obj (.text:_strtoul)
                  000054a0    000004a0                 : strtoull.obj (.text:_strtoull)
                  00005940    00000480     dsk6713bsl.lib : dsk6713.obj (.text)
                  00005dc0    000003a0     rts6700.lib : _scanfi.obj (.text:__sget_conv)
                  00006160    00000380                 : imath64.obj (.text:__divull)
                  000064e0    00000380                 : memory.obj (.text:_free)
                  00006860    00000360                 : _scanfi.obj (.text:__sproc_float)
                  00006bc0    00000340                 : frcmpyd_div.obj (.text:__frcmpyd_div)
                  00006f00    00000320     dsk6713bsl.lib : dsk6713_aic23_opencodec.obj (.text)
                  00007220    00000260     rts6700.lib : imath40.obj (.text:__divul)
                  00007480    00000240                 : fscanf.obj (.text:__chkmbc)
                  000076c0    00000240                 : fopen.obj (.text:__openfile)
                  00007900    00000240                 : _scanfi.obj (.text:__sproc_lb)
                  00007b40    00000240                 : memory.obj (.text:_malloc)
                  00007d80    00000240                 : memcpy62.obj (.text:_memcpy)
                  00007fc0    00000220                 : trgdrv.obj (.text:_HOSTrename)
                  000081e0    00000220                 : lowlev.obj (.text:_open)
                  00008400    00000200                 : setvbuf.obj (.text:_setvbuf)
                  00008600    000001e0                 : _scanfi.obj (.text:__sproc_str)
                  000087e0    000001e0                 : lowlev.obj (.text:_getdevice)
                  000089c0    000001c0     csl6713.lib : csl_irq.obj (.text:_IRQ_map)
                  00008b80    000001a0                 : csl_mcbsp.obj (.text:_MCBSP_reset)
                  00008d20    000001a0     rts6700.lib : _bufread.obj (.text:__buff_read)
                  00008ec0    000001a0     dsk6713bsl.lib : dsk6713_led.obj (.text)
                  00009060    00000180     rts6700.lib : fopen.obj (.text:__search_fp)
                  000091e0    00000160                 : trgdrv.obj (.text:_HOSTlseek)
                  00009340    00000160                 : autoinit.obj (.text:__auto_init)
                  000094a0    00000160                 : fclose.obj (.text:_fclose)
                  00009600    00000160                 : fgetc.obj (.text:_fgetc)
                  00009760    00000160     dsk6713bsl.lib : dsk6713_aic23_registers.obj (.text)
                  000098c0    00000140     rts6700.lib : trgdrv.obj (.text:_HOSTread)
                  00009a00    00000140                 : _scanfi.obj (.text:__sget_scanset)
                  00009b40    00000140                 : atoi.obj (.text:_atoi)
                  00009c80    00000140                 : lowlev.obj (.text:_read)
                  00009dc0    00000140                 : ungetc.obj (.text:_ungetc)
                  00009f00    00000140                 : lowlev.obj (.text:_write)
                  0000a040    00000120                 : trgdrv.obj (.text:_HOSTopen)
                  0000a160    00000120                 : trgdrv.obj (.text:_HOSTwrite)
                  0000a280    00000120                 : fopen.obj (.text:__cleanup)
                  0000a3a0    00000120                 : divi.obj (.text:__divi)
                  0000a4c0    00000120                 : lowlev.obj (.text:_close)
                  0000a5e0    00000120                 : exit.obj (.text:_exit)
                  0000a700    00000120                 : memset.obj (.text:_memset)
                  0000a820    00000100                 : trgdrv.obj (.text:_HOSTclose)
                  0000a920    00000100                 : trgdrv.obj (.text:_HOSTunlink)
                  0000aa20    00000100     csl6713.lib : csl_mcbsp.obj (.text:_MCBSP_open)
                  0000ab20    00000100                 : csl_mcbsp.obj (.text:_MCBSP_start)
                  0000ac20    000000e0     rts6700.lib : fflush.obj (.text:__doflush)
                  0000ad00    000000e0                 : _io_perm.obj (.text:__rd_ok)
                  0000ade0    000000e0                 : strasg.obj (.text:__strasg)
                  0000aec0    000000e0                 : memory.obj (.text:_minsert)
                  0000afa0    000000e0                 : memory.obj (.text:_mremove)
                  0000b080    000000e0                 : lowlev.obj (.text:_tabinit)
                  0000b160    000000c0                 : cpy_tbl.obj (.text:_copy_in)
                  0000b220    000000c0                 : lowlev.obj (.text:_finddevice)
                  0000b2e0    000000c0     dsk6713bsl.lib : dsk6713_aic23_setfreq.obj (.text)
                  0000b3a0    000000a0     csl6713.lib : csl_mcbsp.obj (.text:_MCBSP_config)
                  0000b440    000000a0     rts6700.lib : mpyll.obj (.text:__mpyll)
                  0000b4e0    000000a0                 : imath40.obj (.text:__remul)
                  0000b580    000000a0                 : imath64.obj (.text:__remull)
                  0000b620    000000a0                 : fopen.obj (.text:_fopen)
                  0000b6c0    000000a0                 : fscanf.obj (.text:_fscanf)
                  0000b760    000000a0                 : trgmsg.obj (.text:_readmsg)
                  0000b800    000000a0     csl6713.lib : csl_irq.obj (.text:_setMux)
                  0000b8a0    000000a0     rts6700.lib : lowlev.obj (.text:_unlink)
                  0000b940    000000a0                 : trgmsg.obj (.text:_writemsg)
                  0000b9e0    00000080                 : llshift.obj (.text:__llshl)
                  0000ba60    00000080                 : boot.obj (.text:_c_int00)
                  0000bae0    00000080     dsk6713bsl.lib : dsk6713_dip.obj (.text)
                  0000bb60    00000060     rts6700.lib : llshift.obj (.text:__llshru)
                  0000bbc0    00000060                 : imath64.obj (.text:__subcull)
                  0000bc20    00000040     csl6713.lib : csl_irq.obj (.text:_IRQ_enable)
                  0000bc60    00000040                 : csl_irq.obj (.text:_IRQ_reset)
                  0000bca0    00000040     rts6700.lib : divd.obj (.text:___isnan)
                  0000bce0    00000040                 : args_main.obj (.text:__args_main)
                  0000bd20    00000020     Vectors_intr.obj (.text)
                  0000bd40    00000020     csl6713.lib : csl_irq.obj (.text:_IRQ_globalDisable)
                  0000bd60    00000020                 : csl_irq.obj (.text:_IRQ_globalEnable)
                  0000bd80    00000020                 : csl_irq.obj (.text:_IRQ_nmiEnable)
                  0000bda0    00000020                 : csl_mcbsp.obj (.text:_MCBSP_getXmtEventId)
                  0000bdc0    00000020                 : csl_mcbsp.obj (.text:_MCBSP_read)
                  0000bde0    00000020                 : csl_mcbsp.obj (.text:_MCBSP_rrdy)
                  0000be00    00000020                 : csl_mcbsp.obj (.text:_MCBSP_write)
                  0000be20    00000020                 : csl_mcbsp.obj (.text:_MCBSP_xrdy)
                  0000be40    00000020     rts6700.lib : fscanf.obj (.text:__inpchar)
                  0000be60    00000020                 : negll.obj (.text:__negll)
                  0000be80    00000020                 : _lock.obj (.text:__nop)
                  0000bea0    00000020                 : fscanf.obj (.text:__uninpchar)
                  0000bec0    00000020                 : exit.obj (.text:_abort)
                  0000bee0    00000020                 : remove.obj (.text:_remove)
                  0000bf00    00000020     csl6713.lib : csl_irq.obj (.text)

.bss       0    00000220    00000000     UNINITIALIZED

.far       0    0000bf20    000005e2     UNINITIALIZED
                  0000bf20    00000194     rts6700.lib : defs.obj (.far)
                  0000c0b4    000000f4     csl6713.lib : csl_irq.obj (.far)
                  0000c1a8    000000d0     rts6700.lib : trgdrv.obj (.far)
                  0000c278    000000cc                 : lowlev.obj (.far)
                  0000c344    000000b6     testing_main.obj (.far)
                  0000c3fa    00000002     dsk6713bsl.lib : dsk6713.obj (.far)
                  0000c3fc    00000058     c6713dskinit.obj (.far)
                  0000c454    00000038     csl6713.lib : csl_mcbsp.obj (.far)
                  0000c48c    00000028     dsk6713bsl.lib : dsk6713_aic23_registers.obj (.far)
                  0000c4b4    00000020                    : dsk6713_aic23_setfreq.obj (.far)
                  0000c4d4    0000000c     rts6700.lib : exit.obj (.far)
                  0000c4e0    00000008     dsk6713bsl.lib : dsk6713_aic23_opencodec.obj (.far)
                  0000c4e8    00000008     rts6700.lib : _lock.obj (.far)
                  0000c4f0    00000008                 : memory.obj (.far)
                  0000c4f8    00000004                 : errno.obj (.far)
                  0000c4fc    00000004                 : fopen.obj (.far)
                  0000c500    00000002     dsk6713bsl.lib : dsk6713_led.obj (.far)

.cinit     0    0000c508    0000042c     
                  0000c508    0000012c     csl6713.lib : csl_irq.obj (.cinit)
                  0000c634    00000004     --HOLE-- [fill = 0]
                  0000c638    0000008a     testing_main.obj (.cinit)
                  0000c6c2    00000006     --HOLE-- [fill = 0]
                  0000c6c8    0000005c     rts6700.lib : defs.obj (.cinit)
                  0000c724    00000004     --HOLE-- [fill = 0]
                  0000c728    0000005c                 : lowlev.obj (.cinit)
                  0000c784    00000004     --HOLE-- [fill = 0]
                  0000c788    00000058     c6713dskinit.obj (.cinit)
                  0000c7e0    00000054     csl6713.lib : csl_mcbsp.obj (.cinit)
                  0000c834    00000004     --HOLE-- [fill = 0]
                  0000c838    00000030     dsk6713bsl.lib : dsk6713_aic23_registers.obj (.cinit)
                  0000c868    0000002c     rts6700.lib : exit.obj (.cinit)
                  0000c894    00000004     --HOLE-- [fill = 0]
                  0000c898    0000002c                 : memory.obj (.cinit)
                  0000c8c4    00000004     --HOLE-- [fill = 0]
                  0000c8c8    00000028     dsk6713bsl.lib : dsk6713_aic23_setfreq.obj (.cinit)
                  0000c8f0    0000001c     rts6700.lib : _lock.obj (.cinit)
                  0000c90c    00000004     --HOLE-- [fill = 0]
                  0000c910    0000000c                 : errno.obj (.cinit)
                  0000c91c    00000004     --HOLE-- [fill = 0]
                  0000c920    0000000c                 : fopen.obj (.cinit)
                  0000c92c    00000004     --HOLE-- [fill = 0]
                  0000c930    00000004     (.pad.cinit) [fill = 0]

.stack     0    0000c938    00000400     UNINITIALIZED
                  0000c938    00000008     rts6700.lib : boot.obj (.stack)
                  0000c940    000003f8     --HOLE--

.sysmem    0    0000cd38    00000400     UNINITIALIZED
                  0000cd38    00000008     rts6700.lib : memory.obj (.sysmem)
                  0000cd40    000003f8     --HOLE--

.const     0    0000d138    000002ce     
                  0000d138    00000101     rts6700.lib : ctype.obj (.const:__ctypes_)
                  0000d239    00000007     --HOLE-- [fill = 0]
                  0000d240    00000050                 : strtod.obj (.const:_digits)
                  0000d290    00000050                 : strtold.obj (.const:_digits)
                  0000d2e0    00000048                 : strtod.obj (.const:_powerof10)
                  0000d328    00000048                 : strtold.obj (.const:_powerof10)
                  0000d370    00000040     dsk6713bsl.lib : dsk6713_aic23_opencodec.obj (.const)
                  0000d3b0    00000020     testing_main.obj (.const:.string)
                  0000d3d0    00000020     dsk6713bsl.lib : dsk6713.obj (.const)
                  0000d3f0    00000008     rts6700.lib : divd.obj (.const:_initial_approx$1)
                  0000d3f8    00000007                 : _scanfi.obj (.const:_flit$1)
                  0000d3ff    00000001     --HOLE-- [fill = 0]
                  0000d400    00000006                 : _scanfi.obj (.const:_barr$2)

.cio       0    0000d408    00000120     UNINITIALIZED
                  0000d408    00000120     rts6700.lib : trgmsg.obj (.cio)

.switch    0    0000d528    00000028     
                  0000d528    00000028     rts6700.lib : _scanfi.obj (.switch:__sset_arg)

.EXT_RAM   0    80000000    0003a988     UNINITIALIZED
                  80000000    0003a988     testing_main.obj (.EXT_RAM)


GLOBAL SYMBOLS: SORTED ALPHABETICALLY BY Name 

address    name
--------   ----
00000220   $bss
00000220   .bss
00000220   .text
0000bec0   C$$EXIT
0000b9b8   C$$IO$$
0000c408   _AIC23CfgData
0000c3fc   _AIC_data
0000c4e0   _DSK6713_AIC23_codeccontrolhandle
0000c4e4   _DSK6713_AIC23_codecdatahandle
00009820   _DSK6713_AIC23_config
00006f00   _DSK6713_AIC23_openCodec
000097fc   _DSK6713_AIC23_rget
00009760   _DSK6713_AIC23_rset
0000b2e0   _DSK6713_AIC23_setFreq
0000bae8   _DSK6713_DIP_get
0000bae0   _DSK6713_DIP_init
00008ec0   _DSK6713_LED_init
00008ee8   _DSK6713_LED_off
00008f44   _DSK6713_LED_on
00008fa0   _DSK6713_LED_toggle
00005d54   _DSK6713_getVersion
0000598c   _DSK6713_init
00005ca8   _DSK6713_rget
00005cbc   _DSK6713_rset
0000c3fa   _DSK6713_version
00005cd0   _DSK6713_wait
00005d28   _DSK6713_waitusec
0000a820   _HOSTclose
000091e0   _HOSTlseek
0000a040   _HOSTopen
000098c0   _HOSTread
00007fc0   _HOSTrename
0000a920   _HOSTunlink
0000a160   _HOSTwrite
0000bc20   _IRQ_enable
0000bd40   _IRQ_globalDisable
0000bd60   _IRQ_globalEnable
000089c0   _IRQ_map
0000bd80   _IRQ_nmiEnable
0000bc60   _IRQ_reset
0000c3f8   _LED_counter
0000b3a0   _MCBSP_config
0000bda0   _MCBSP_getXmtEventId
0000aa20   _MCBSP_open
0000bdc0   _MCBSP_read
00008b80   _MCBSP_reset
0000bde0   _MCBSP_rrdy
0000ab20   _MCBSP_start
0000be00   _MCBSP_write
0000be20   _MCBSP_xrdy
0000d408   __CIOBUF_
0000c1a0   __IRQ_dispatchTable
0000c0dc   __IRQ_eventTable
0000bf00   __IRQ_hookFetchPacket
0000c160   __IRQ_intTable
0000c484   __MCBSP_hDev0
0000c488   __MCBSP_hDev1
0000cd38   __STACK_END
00000400   __STACK_SIZE
00000400   __SYSMEM_SIZE
00000001   __TI_args_main
0000c4dc   ___TI_enable_exit_profile_output
ffffffff   ___TI_pprof_out_hndl
ffffffff   ___TI_prof_data_size
ffffffff   ___TI_prof_data_start
ffffffff   ___binit__
00000220   ___bss__
ffffffff   ___c_args__
0000c508   ___cinit__
00000220   ___end__
0000bf20   ___etext__
ffffffff   ___pinit__
00000220   ___text__
0000bce0   __args_main
00009340   __auto_init
00008d20   __buff_read
0000a3a0   __c6xabi_divi
0000a280   __cleanup
0000c4d4   __cleanup_ptr
0000d138   __ctypes_
00000e80   __divd
0000a3a0   __divi
00007220   __divul
00006160   __divull
0000ac20   __doflush
0000c4d8   __dtors_ptr
00006bc0   __frcmpyd_div
0000c0b0   __ft_end
0000bf20   __ftable
0000b9e0   __llshl
0000bb60   __llshru
0000c4e8   __lock
0000b440   __mpyll
0000be60   __negll
0000be80   __nop
0000ad00   __rd_ok
0000b4e0   __remul
0000b580   __remull
00000220   __scanfi
0000c938   __stack
0000ade0   __strasg
0000bbc0   __subcull
0000cd38   __sys_memory
0000c010   __tmpnams
0000c4ec   __unlock
0000bec0   _abort
0000344c   _absolute
00009b40   _atoi
80000000   _att_env_table
00001e20   _c6713_dsk_init
0000ba60   _c_int00
000025c0   _c_int11
0000a4c0   _close
00001f18   _comm_intr
00001ee4   _comm_poll
0000c428   _config
0000b160   _copy_in
0000c4f8   _errno
0000a5e0   _exit
000094a0   _fclose
00009600   _fgetc
0000b620   _fopen
000064e0   _free
0000c344   _fs
0000b6c0   _fscanf
0000348c   _gen_env_tables
00009600   _getc
0000c450   _hAIC23_handle
0000c3e8   _i
00002420   _input_left_sample
000024e8   _input_right_sample
0000231c   _input_sample
0000c348   _j
0000c3f0   _k
0000c3f4   _lastState
00003760   _main
00007b40   _malloc
00003260   _max
0000c3f6   _max_index
00007d80   _memcpy
0000a700   _memset
000081e0   _open
0000215c   _output_left_sample
0000223c   _output_right_sample
00002044   _output_sample
00009c80   _read
0000b760   _readmsg
80004e24   _rel_env_table
0000bee0   _remove
00008400   _setvbuf
00003880   _strtod
00004a60   _strtol
00003e80   _strtold
00004480   _strtoll
00004fa0   _strtoul
000054a0   _strtoull
80009c48   _sus_env_table
00009dc0   _ungetc
0000b8a0   _unlink
00000020   _vector1
00000140   _vector10
00000180   _vector12
000001a0   _vector13
000001c0   _vector14
000001e0   _vector15
00000040   _vector2
00000060   _vector3
00000080   _vector4
000000a0   _vector5
000000c0   _vector6
000000e0   _vector7
00000100   _vector8
00000120   _vector9
00000000   _vectors
00009f00   _write
0000b940   _writemsg
0000c3e2   _y
0000c3e4   _y_avg
0000c34c   _y_buff
0000c3ec   _y_index
ffffffff   binit
0000c508   cinit
00000220   end
0000bf20   etext
ffffffff   pinit


GLOBAL SYMBOLS: SORTED BY Symbol Address 

address    name
--------   ----
00000000   _vectors
00000001   __TI_args_main
00000020   _vector1
00000040   _vector2
00000060   _vector3
00000080   _vector4
000000a0   _vector5
000000c0   _vector6
000000e0   _vector7
00000100   _vector8
00000120   _vector9
00000140   _vector10
00000180   _vector12
000001a0   _vector13
000001c0   _vector14
000001e0   _vector15
00000220   $bss
00000220   .bss
00000220   .text
00000220   ___bss__
00000220   ___end__
00000220   ___text__
00000220   __scanfi
00000220   end
00000400   __STACK_SIZE
00000400   __SYSMEM_SIZE
00000e80   __divd
00001e20   _c6713_dsk_init
00001ee4   _comm_poll
00001f18   _comm_intr
00002044   _output_sample
0000215c   _output_left_sample
0000223c   _output_right_sample
0000231c   _input_sample
00002420   _input_left_sample
000024e8   _input_right_sample
000025c0   _c_int11
00003260   _max
0000344c   _absolute
0000348c   _gen_env_tables
00003760   _main
00003880   _strtod
00003e80   _strtold
00004480   _strtoll
00004a60   _strtol
00004fa0   _strtoul
000054a0   _strtoull
0000598c   _DSK6713_init
00005ca8   _DSK6713_rget
00005cbc   _DSK6713_rset
00005cd0   _DSK6713_wait
00005d28   _DSK6713_waitusec
00005d54   _DSK6713_getVersion
00006160   __divull
000064e0   _free
00006bc0   __frcmpyd_div
00006f00   _DSK6713_AIC23_openCodec
00007220   __divul
00007b40   _malloc
00007d80   _memcpy
00007fc0   _HOSTrename
000081e0   _open
00008400   _setvbuf
000089c0   _IRQ_map
00008b80   _MCBSP_reset
00008d20   __buff_read
00008ec0   _DSK6713_LED_init
00008ee8   _DSK6713_LED_off
00008f44   _DSK6713_LED_on
00008fa0   _DSK6713_LED_toggle
000091e0   _HOSTlseek
00009340   __auto_init
000094a0   _fclose
00009600   _fgetc
00009600   _getc
00009760   _DSK6713_AIC23_rset
000097fc   _DSK6713_AIC23_rget
00009820   _DSK6713_AIC23_config
000098c0   _HOSTread
00009b40   _atoi
00009c80   _read
00009dc0   _ungetc
00009f00   _write
0000a040   _HOSTopen
0000a160   _HOSTwrite
0000a280   __cleanup
0000a3a0   __c6xabi_divi
0000a3a0   __divi
0000a4c0   _close
0000a5e0   _exit
0000a700   _memset
0000a820   _HOSTclose
0000a920   _HOSTunlink
0000aa20   _MCBSP_open
0000ab20   _MCBSP_start
0000ac20   __doflush
0000ad00   __rd_ok
0000ade0   __strasg
0000b160   _copy_in
0000b2e0   _DSK6713_AIC23_setFreq
0000b3a0   _MCBSP_config
0000b440   __mpyll
0000b4e0   __remul
0000b580   __remull
0000b620   _fopen
0000b6c0   _fscanf
0000b760   _readmsg
0000b8a0   _unlink
0000b940   _writemsg
0000b9b8   C$$IO$$
0000b9e0   __llshl
0000ba60   _c_int00
0000bae0   _DSK6713_DIP_init
0000bae8   _DSK6713_DIP_get
0000bb60   __llshru
0000bbc0   __subcull
0000bc20   _IRQ_enable
0000bc60   _IRQ_reset
0000bce0   __args_main
0000bd40   _IRQ_globalDisable
0000bd60   _IRQ_globalEnable
0000bd80   _IRQ_nmiEnable
0000bda0   _MCBSP_getXmtEventId
0000bdc0   _MCBSP_read
0000bde0   _MCBSP_rrdy
0000be00   _MCBSP_write
0000be20   _MCBSP_xrdy
0000be60   __negll
0000be80   __nop
0000bec0   C$$EXIT
0000bec0   _abort
0000bee0   _remove
0000bf00   __IRQ_hookFetchPacket
0000bf20   ___etext__
0000bf20   __ftable
0000bf20   etext
0000c010   __tmpnams
0000c0b0   __ft_end
0000c0dc   __IRQ_eventTable
0000c160   __IRQ_intTable
0000c1a0   __IRQ_dispatchTable
0000c344   _fs
0000c348   _j
0000c34c   _y_buff
0000c3e2   _y
0000c3e4   _y_avg
0000c3e8   _i
0000c3ec   _y_index
0000c3f0   _k
0000c3f4   _lastState
0000c3f6   _max_index
0000c3f8   _LED_counter
0000c3fa   _DSK6713_version
0000c3fc   _AIC_data
0000c408   _AIC23CfgData
0000c428   _config
0000c450   _hAIC23_handle
0000c484   __MCBSP_hDev0
0000c488   __MCBSP_hDev1
0000c4d4   __cleanup_ptr
0000c4d8   __dtors_ptr
0000c4dc   ___TI_enable_exit_profile_output
0000c4e0   _DSK6713_AIC23_codeccontrolhandle
0000c4e4   _DSK6713_AIC23_codecdatahandle
0000c4e8   __lock
0000c4ec   __unlock
0000c4f8   _errno
0000c508   ___cinit__
0000c508   cinit
0000c938   __stack
0000cd38   __STACK_END
0000cd38   __sys_memory
0000d138   __ctypes_
0000d408   __CIOBUF_
80000000   _att_env_table
80004e24   _rel_env_table
80009c48   _sus_env_table
ffffffff   ___TI_pprof_out_hndl
ffffffff   ___TI_prof_data_size
ffffffff   ___TI_prof_data_start
ffffffff   ___binit__
ffffffff   ___c_args__
ffffffff   ___pinit__
ffffffff   binit
ffffffff   pinit

[185 symbols]
