******************************************************************************
               TMS320C6x Linker PC v7.2.3                      
******************************************************************************
>> Linked Tue Apr 17 18:37:05 2018

OUTPUT FILE NAME:   <RingModLab.out>
ENTRY POINT SYMBOL: "_c_int00"  address: 0000bd80


MEMORY CONFIGURATION

         name            origin    length      used     unused   attr    fill
----------------------  --------  ---------  --------  --------  ----  --------
  IVECS                 00000000   00000220  00000200  00000020  RWIX
  IRAM                  00000220   0002fde0  0000defa  00021ee6  RWIX
  SDRAM                 80000000   00100000  00000000  00100000  RWIX
  FLASH                 90000000   00020000  00000000  00020000  RWIX


SECTION ALLOCATION MAP

 output                                  attributes/
section   page    origin      length       input sections
--------  ----  ----------  ----------   ----------------
.vecs      0    00000000    00000200     
                  00000000    00000200     Vectors_intr.obj (.vecs)

.text      0    00000220    0000c0e0     
                  00000220    00000c60     rts6700.lib : _scanfi.obj (.text:__scanfi)
                  00000e80    000007e0                 : divd.obj (.text:__divd)
                  00001660    000007c0                 : _scanfi.obj (.text:__sset_arg)
                  00001e20    000007a0     c6713dskinit.obj (.text)
                  000025c0    00000780     testing_main.obj (.text)
                  00002d40    00000620     rts6700.lib : _scanfi.obj (.text:__sproc_int)
                  00003360    00000600                 : strtod.obj (.text:_strtod)
                  00003960    00000600                 : strtold.obj (.text:_strtold)
                  00003f60    000005e0                 : strtoll.obj (.text:_strtoll)
                  00004540    00000540                 : strtol.obj (.text:_strtol)
                  00004a80    00000500                 : strtoul.obj (.text:_strtoul)
                  00004f80    000004a0                 : strtoull.obj (.text:_strtoull)
                  00005420    00000480     dsk6713bsl.lib : dsk6713.obj (.text)
                  000058a0    000003a0     rts6700.lib : _scanfi.obj (.text:__sget_conv)
                  00005c40    00000380                 : imath64.obj (.text:__divull)
                  00005fc0    00000380                 : memory.obj (.text:_free)
                  00006340    00000360                 : _scanfi.obj (.text:__sproc_float)
                  000066a0    00000340                 : frcmpyd_div.obj (.text:__frcmpyd_div)
                  000069e0    00000320     dsk6713bsl.lib : dsk6713_aic23_opencodec.obj (.text)
                  00006d00    000002e0     rts6700.lib : cosf.obj (.text:_cosf)
                  00006fe0    000002a0                 : sinf.obj (.text:_sinf)
                  00007280    00000260                 : imath40.obj (.text:__divul)
                  000074e0    00000240                 : fscanf.obj (.text:__chkmbc)
                  00007720    00000240                 : fopen.obj (.text:__openfile)
                  00007960    00000240                 : _scanfi.obj (.text:__sproc_lb)
                  00007ba0    00000240                 : memory.obj (.text:_malloc)
                  00007de0    00000240                 : memcpy62.obj (.text:_memcpy)
                  00008020    00000220                 : trgdrv.obj (.text:_HOSTrename)
                  00008240    00000220                 : lowlev.obj (.text:_open)
                  00008460    00000220     testing_main.obj (.text:retain)
                  00008680    00000200     rts6700.lib : setvbuf.obj (.text:_setvbuf)
                  00008880    000001e0                 : _scanfi.obj (.text:__sproc_str)
                  00008a60    000001e0                 : lowlev.obj (.text:_getdevice)
                  00008c40    000001c0     csl6713.lib : csl_irq.obj (.text:_IRQ_map)
                  00008e00    000001a0                 : csl_mcbsp.obj (.text:_MCBSP_reset)
                  00008fa0    000001a0     rts6700.lib : _bufread.obj (.text:__buff_read)
                  00009140    000001a0     dsk6713bsl.lib : dsk6713_led.obj (.text)
                  000092e0    00000180     rts6700.lib : fopen.obj (.text:__search_fp)
                  00009460    00000160                 : trgdrv.obj (.text:_HOSTlseek)
                  000095c0    00000160                 : autoinit.obj (.text:__auto_init)
                  00009720    00000160                 : fclose.obj (.text:_fclose)
                  00009880    00000160                 : fgetc.obj (.text:_fgetc)
                  000099e0    00000160     dsk6713bsl.lib : dsk6713_aic23_registers.obj (.text)
                  00009b40    00000140     rts6700.lib : trgdrv.obj (.text:_HOSTread)
                  00009c80    00000140                 : _scanfi.obj (.text:__sget_scanset)
                  00009dc0    00000140                 : atoi.obj (.text:_atoi)
                  00009f00    00000140                 : lowlev.obj (.text:_read)
                  0000a040    00000140                 : ungetc.obj (.text:_ungetc)
                  0000a180    00000140                 : lowlev.obj (.text:_write)
                  0000a2c0    00000120                 : trgdrv.obj (.text:_HOSTopen)
                  0000a3e0    00000120                 : trgdrv.obj (.text:_HOSTwrite)
                  0000a500    00000120                 : fopen.obj (.text:__cleanup)
                  0000a620    00000120                 : divi.obj (.text:__divi)
                  0000a740    00000120                 : lowlev.obj (.text:_close)
                  0000a860    00000120                 : exit.obj (.text:_exit)
                  0000a980    00000120                 : memset.obj (.text:_memset)
                  0000aaa0    00000100                 : trgdrv.obj (.text:_HOSTclose)
                  0000aba0    00000100                 : trgdrv.obj (.text:_HOSTunlink)
                  0000aca0    00000100     csl6713.lib : csl_mcbsp.obj (.text:_MCBSP_open)
                  0000ada0    00000100                 : csl_mcbsp.obj (.text:_MCBSP_start)
                  0000aea0    000000e0     rts6700.lib : fflush.obj (.text:__doflush)
                  0000af80    000000e0                 : _io_perm.obj (.text:__rd_ok)
                  0000b060    000000e0                 : strasg.obj (.text:__strasg)
                  0000b140    000000e0                 : memory.obj (.text:_minsert)
                  0000b220    000000e0                 : memory.obj (.text:_mremove)
                  0000b300    000000e0                 : lowlev.obj (.text:_tabinit)
                  0000b3e0    000000c0                 : cpy_tbl.obj (.text:_copy_in)
                  0000b4a0    000000c0                 : lowlev.obj (.text:_finddevice)
                  0000b560    000000c0     dsk6713bsl.lib : dsk6713_aic23_setfreq.obj (.text)
                  0000b620    000000a0     csl6713.lib : csl_mcbsp.obj (.text:_MCBSP_config)
                  0000b6c0    000000a0     rts6700.lib : mpyll.obj (.text:__mpyll)
                  0000b760    000000a0                 : imath40.obj (.text:__remul)
                  0000b800    000000a0                 : imath64.obj (.text:__remull)
                  0000b8a0    000000a0                 : roundf.obj (.text:__roundf)
                  0000b940    000000a0                 : fopen.obj (.text:_fopen)
                  0000b9e0    000000a0                 : fscanf.obj (.text:_fscanf)
                  0000ba80    000000a0                 : trgmsg.obj (.text:_readmsg)
                  0000bb20    000000a0     csl6713.lib : csl_irq.obj (.text:_setMux)
                  0000bbc0    000000a0     rts6700.lib : lowlev.obj (.text:_unlink)
                  0000bc60    000000a0                 : trgmsg.obj (.text:_writemsg)
                  0000bd00    00000080                 : llshift.obj (.text:__llshl)
                  0000bd80    00000080                 : boot.obj (.text:_c_int00)
                  0000be00    00000080                 : modff.obj (.text:_modff)
                  0000be80    00000080     dsk6713bsl.lib : dsk6713_dip.obj (.text)
                  0000bf00    00000060     rts6700.lib : llshift.obj (.text:__llshru)
                  0000bf60    00000060                 : imath64.obj (.text:__subcull)
                  0000bfc0    00000040     csl6713.lib : csl_irq.obj (.text:_IRQ_enable)
                  0000c000    00000040                 : csl_irq.obj (.text:_IRQ_reset)
                  0000c040    00000040     rts6700.lib : divd.obj (.text:___isnan)
                  0000c080    00000040                 : args_main.obj (.text:__args_main)
                  0000c0c0    00000040                 : truncf.obj (.text:__truncf)
                  0000c100    00000020     Vectors_intr.obj (.text)
                  0000c120    00000020     csl6713.lib : csl_irq.obj (.text:_IRQ_globalDisable)
                  0000c140    00000020                 : csl_irq.obj (.text:_IRQ_globalEnable)
                  0000c160    00000020                 : csl_irq.obj (.text:_IRQ_nmiEnable)
                  0000c180    00000020                 : csl_mcbsp.obj (.text:_MCBSP_getXmtEventId)
                  0000c1a0    00000020                 : csl_mcbsp.obj (.text:_MCBSP_read)
                  0000c1c0    00000020                 : csl_mcbsp.obj (.text:_MCBSP_rrdy)
                  0000c1e0    00000020                 : csl_mcbsp.obj (.text:_MCBSP_write)
                  0000c200    00000020                 : csl_mcbsp.obj (.text:_MCBSP_xrdy)
                  0000c220    00000020     rts6700.lib : fscanf.obj (.text:__inpchar)
                  0000c240    00000020                 : negll.obj (.text:__negll)
                  0000c260    00000020                 : _lock.obj (.text:__nop)
                  0000c280    00000020                 : fscanf.obj (.text:__uninpchar)
                  0000c2a0    00000020                 : exit.obj (.text:_abort)
                  0000c2c0    00000020                 : remove.obj (.text:_remove)
                  0000c2e0    00000020     csl6713.lib : csl_irq.obj (.text)

.bss       0    00000220    00000000     UNINITIALIZED

.far       0    0000c300    00000de0     UNINITIALIZED
                  0000c300    00000894     testing_main.obj (.far)
                  0000cb94    00000194     rts6700.lib : defs.obj (.far)
                  0000cd28    000000f4     csl6713.lib : csl_irq.obj (.far)
                  0000ce1c    000000d0     rts6700.lib : trgdrv.obj (.far)
                  0000ceec    000000cc                 : lowlev.obj (.far)
                  0000cfb8    00000058     c6713dskinit.obj (.far)
                  0000d010    00000038     csl6713.lib : csl_mcbsp.obj (.far)
                  0000d048    00000028     dsk6713bsl.lib : dsk6713_aic23_registers.obj (.far)
                  0000d070    00000020                    : dsk6713_aic23_setfreq.obj (.far)
                  0000d090    00000010     rts6700.lib : cosf.obj (.far)
                  0000d0a0    00000010                 : sinf.obj (.far)
                  0000d0b0    0000000c                 : exit.obj (.far)
                  0000d0bc    00000008     dsk6713bsl.lib : dsk6713_aic23_opencodec.obj (.far)
                  0000d0c4    00000008     rts6700.lib : _lock.obj (.far)
                  0000d0cc    00000008                 : memory.obj (.far)
                  0000d0d4    00000004                 : errno.obj (.far)
                  0000d0d8    00000004                 : fopen.obj (.far)
                  0000d0dc    00000002     dsk6713bsl.lib : dsk6713.obj (.far)
                  0000d0de    00000002                    : dsk6713_led.obj (.far)

.cinit     0    0000d0e0    0000042c     
                  0000d0e0    0000012c     csl6713.lib : csl_irq.obj (.cinit)
                  0000d20c    00000004     --HOLE-- [fill = 0]
                  0000d210    0000005c     rts6700.lib : defs.obj (.cinit)
                  0000d26c    00000004     --HOLE-- [fill = 0]
                  0000d270    0000005c                 : lowlev.obj (.cinit)
                  0000d2cc    00000004     --HOLE-- [fill = 0]
                  0000d2d0    0000005c     testing_main.obj (.cinit)
                  0000d32c    00000004     --HOLE-- [fill = 0]
                  0000d330    00000058     c6713dskinit.obj (.cinit)
                  0000d388    00000054     csl6713.lib : csl_mcbsp.obj (.cinit)
                  0000d3dc    00000004     --HOLE-- [fill = 0]
                  0000d3e0    00000030     dsk6713bsl.lib : dsk6713_aic23_registers.obj (.cinit)
                  0000d410    0000002c     rts6700.lib : exit.obj (.cinit)
                  0000d43c    00000004     --HOLE-- [fill = 0]
                  0000d440    0000002c                 : memory.obj (.cinit)
                  0000d46c    00000004     --HOLE-- [fill = 0]
                  0000d470    00000028     dsk6713bsl.lib : dsk6713_aic23_setfreq.obj (.cinit)
                  0000d498    0000001c     rts6700.lib : _lock.obj (.cinit)
                  0000d4b4    00000004     --HOLE-- [fill = 0]
                  0000d4b8    00000018                 : cosf.obj (.cinit)
                  0000d4d0    00000018                 : sinf.obj (.cinit)
                  0000d4e8    0000000c                 : errno.obj (.cinit)
                  0000d4f4    00000004     --HOLE-- [fill = 0]
                  0000d4f8    0000000c                 : fopen.obj (.cinit)
                  0000d504    00000004     --HOLE-- [fill = 0]
                  0000d508    00000004     (.pad.cinit) [fill = 0]

.stack     0    0000d510    00000400     UNINITIALIZED
                  0000d510    00000008     rts6700.lib : boot.obj (.stack)
                  0000d518    000003f8     --HOLE--

.sysmem    0    0000d910    00000400     UNINITIALIZED
                  0000d910    00000008     rts6700.lib : memory.obj (.sysmem)
                  0000d918    000003f8     --HOLE--

.const     0    0000dd10    000002c6     
                  0000dd10    00000101     rts6700.lib : ctype.obj (.const:__ctypes_)
                  0000de11    00000007     --HOLE-- [fill = 0]
                  0000de18    00000050                 : strtod.obj (.const:_digits)
                  0000de68    00000050                 : strtold.obj (.const:_digits)
                  0000deb8    00000048                 : strtod.obj (.const:_powerof10)
                  0000df00    00000048                 : strtold.obj (.const:_powerof10)
                  0000df48    00000040     dsk6713bsl.lib : dsk6713_aic23_opencodec.obj (.const)
                  0000df88    00000020                    : dsk6713.obj (.const)
                  0000dfa8    00000018     testing_main.obj (.const:.string)
                  0000dfc0    00000008     rts6700.lib : divd.obj (.const:_initial_approx$1)
                  0000dfc8    00000007                 : _scanfi.obj (.const:_flit$1)
                  0000dfcf    00000001     --HOLE-- [fill = 0]
                  0000dfd0    00000006                 : _scanfi.obj (.const:_barr$2)

.cio       0    0000dfd8    00000120     UNINITIALIZED
                  0000dfd8    00000120     rts6700.lib : trgmsg.obj (.cio)

.switch    0    0000e0f8    00000028     
                  0000e0f8    00000028     rts6700.lib : _scanfi.obj (.switch:__sset_arg)


GLOBAL SYMBOLS: SORTED ALPHABETICALLY BY Name 

address    name
--------   ----
00000220   $bss
00000220   .bss
00000220   .text
0000c2a0   C$$EXIT
0000bcd8   C$$IO$$
0000cfc4   _AIC23CfgData
0000cfb8   _AIC_data
0000d0bc   _DSK6713_AIC23_codeccontrolhandle
0000d0c0   _DSK6713_AIC23_codecdatahandle
00009aa0   _DSK6713_AIC23_config
000069e0   _DSK6713_AIC23_openCodec
00009a7c   _DSK6713_AIC23_rget
000099e0   _DSK6713_AIC23_rset
0000b560   _DSK6713_AIC23_setFreq
0000be88   _DSK6713_DIP_get
0000be80   _DSK6713_DIP_init
00009140   _DSK6713_LED_init
00009168   _DSK6713_LED_off
000091c4   _DSK6713_LED_on
00009220   _DSK6713_LED_toggle
00005834   _DSK6713_getVersion
0000546c   _DSK6713_init
00005788   _DSK6713_rget
0000579c   _DSK6713_rset
0000d0dc   _DSK6713_version
000057b0   _DSK6713_wait
00005808   _DSK6713_waitusec
0000aaa0   _HOSTclose
00009460   _HOSTlseek
0000a2c0   _HOSTopen
00009b40   _HOSTread
00008020   _HOSTrename
0000aba0   _HOSTunlink
0000a3e0   _HOSTwrite
0000bfc0   _IRQ_enable
0000c120   _IRQ_globalDisable
0000c140   _IRQ_globalEnable
00008c40   _IRQ_map
0000c160   _IRQ_nmiEnable
0000c000   _IRQ_reset
0000c304   _LED_counter
0000b620   _MCBSP_config
0000c180   _MCBSP_getXmtEventId
0000aca0   _MCBSP_open
0000c1a0   _MCBSP_read
00008e00   _MCBSP_reset
0000c1c0   _MCBSP_rrdy
0000ada0   _MCBSP_start
0000c1e0   _MCBSP_write
0000c200   _MCBSP_xrdy
0000dfd8   __CIOBUF_
0000ce14   __IRQ_dispatchTable
0000cd50   __IRQ_eventTable
0000c2e0   __IRQ_hookFetchPacket
0000cdd4   __IRQ_intTable
0000d040   __MCBSP_hDev0
0000d044   __MCBSP_hDev1
0000d910   __STACK_END
00000400   __STACK_SIZE
00000400   __SYSMEM_SIZE
00000001   __TI_args_main
0000d0b8   ___TI_enable_exit_profile_output
ffffffff   ___TI_pprof_out_hndl
ffffffff   ___TI_prof_data_size
ffffffff   ___TI_prof_data_start
ffffffff   ___binit__
00000220   ___bss__
ffffffff   ___c_args__
0000d0e0   ___cinit__
00000220   ___end__
0000c300   ___etext__
ffffffff   ___pinit__
00000220   ___text__
0000c080   __args_main
000095c0   __auto_init
00008fa0   __buff_read
0000a620   __c6xabi_divi
0000a500   __cleanup
0000d0b0   __cleanup_ptr
0000dd10   __ctypes_
00000e80   __divd
0000a620   __divi
00007280   __divul
00005c40   __divull
0000aea0   __doflush
0000d0b4   __dtors_ptr
000066a0   __frcmpyd_div
0000cd24   __ft_end
0000cb94   __ftable
0000bd00   __llshl
0000bf00   __llshru
0000d0c4   __lock
0000b6c0   __mpyll
0000c240   __negll
0000c260   __nop
0000af80   __rd_ok
0000b760   __remul
0000b800   __remull
0000b8a0   __roundf
00000220   __scanfi
0000d510   __stack
0000b060   __strasg
0000bf60   __subcull
0000d910   __sys_memory
0000cc84   __tmpnams
0000c0c0   __truncf
0000d0c8   __unlock
0000c2a0   _abort
00009dc0   _atoi
00001e20   _c6713_dsk_init
0000bd80   _c_int00
00008460   _c_int11
0000a740   _close
00001f18   _comm_intr
00001ee4   _comm_poll
0000cfe4   _config
0000b3e0   _copy_in
00006d00   _cosf
0000ca28   _delay_count
0000d0d4   _errno
0000a860   _exit
00009720   _fclose
00009880   _fgetc
0000b940   _fopen
0000c560   _fourierBuffer
00005fc0   _free
0000c300   _fs
0000b9e0   _fscanf
00002980   _gen_kernels
00009880   _getc
0000d00c   _hAIC23_handle
0000ca20   _in
0000c498   _inBuffer
00002420   _input_left_sample
000024e8   _input_right_sample
0000231c   _input_sample
000025c0   _joey
0000ca18   _joey_index
0000c308   _kernels
0000ca10   _lastSampleIn
0000ca14   _lastSampleOut
00002ac0   _loadPAULFile
00002b98   _main
00007ba0   _malloc
00007de0   _memcpy
0000a980   _memset
0000be00   _modff
0000ca1c   _oldFourierReal
00008240   _open
0000ca24   _out
0000c6f0   _outBuffer
0000215c   _output_left_sample
0000223c   _output_right_sample
00002044   _output_sample
0000c7b8   _paulBuffer
0000ca2c   _paul_mult
00009f00   _read
0000ba80   _readmsg
0000c2c0   _remove
00008680   _setvbuf
00006fe0   _sinf
00003360   _strtod
00004540   _strtol
00003960   _strtold
00003f60   _strtoll
00004a80   _strtoul
00004f80   _strtoull
0000a040   _ungetc
0000bbc0   _unlink
00000020   _vector1
00000140   _vector10
00000180   _vector12
000001a0   _vector13
000001c0   _vector14
000001e0   _vector15
00000040   _vector2
00000060   _vector3
00000080   _vector4
000000a0   _vector5
000000c0   _vector6
000000e0   _vector7
00000100   _vector8
00000120   _vector9
00000000   _vectors
0000a180   _write
0000bc60   _writemsg
0000c948   _y_n
ffffffff   binit
0000d0e0   cinit
00000220   end
0000c300   etext
ffffffff   pinit


GLOBAL SYMBOLS: SORTED BY Symbol Address 

address    name
--------   ----
00000000   _vectors
00000001   __TI_args_main
00000020   _vector1
00000040   _vector2
00000060   _vector3
00000080   _vector4
000000a0   _vector5
000000c0   _vector6
000000e0   _vector7
00000100   _vector8
00000120   _vector9
00000140   _vector10
00000180   _vector12
000001a0   _vector13
000001c0   _vector14
000001e0   _vector15
00000220   $bss
00000220   .bss
00000220   .text
00000220   ___bss__
00000220   ___end__
00000220   ___text__
00000220   __scanfi
00000220   end
00000400   __STACK_SIZE
00000400   __SYSMEM_SIZE
00000e80   __divd
00001e20   _c6713_dsk_init
00001ee4   _comm_poll
00001f18   _comm_intr
00002044   _output_sample
0000215c   _output_left_sample
0000223c   _output_right_sample
0000231c   _input_sample
00002420   _input_left_sample
000024e8   _input_right_sample
000025c0   _joey
00002980   _gen_kernels
00002ac0   _loadPAULFile
00002b98   _main
00003360   _strtod
00003960   _strtold
00003f60   _strtoll
00004540   _strtol
00004a80   _strtoul
00004f80   _strtoull
0000546c   _DSK6713_init
00005788   _DSK6713_rget
0000579c   _DSK6713_rset
000057b0   _DSK6713_wait
00005808   _DSK6713_waitusec
00005834   _DSK6713_getVersion
00005c40   __divull
00005fc0   _free
000066a0   __frcmpyd_div
000069e0   _DSK6713_AIC23_openCodec
00006d00   _cosf
00006fe0   _sinf
00007280   __divul
00007ba0   _malloc
00007de0   _memcpy
00008020   _HOSTrename
00008240   _open
00008460   _c_int11
00008680   _setvbuf
00008c40   _IRQ_map
00008e00   _MCBSP_reset
00008fa0   __buff_read
00009140   _DSK6713_LED_init
00009168   _DSK6713_LED_off
000091c4   _DSK6713_LED_on
00009220   _DSK6713_LED_toggle
00009460   _HOSTlseek
000095c0   __auto_init
00009720   _fclose
00009880   _fgetc
00009880   _getc
000099e0   _DSK6713_AIC23_rset
00009a7c   _DSK6713_AIC23_rget
00009aa0   _DSK6713_AIC23_config
00009b40   _HOSTread
00009dc0   _atoi
00009f00   _read
0000a040   _ungetc
0000a180   _write
0000a2c0   _HOSTopen
0000a3e0   _HOSTwrite
0000a500   __cleanup
0000a620   __c6xabi_divi
0000a620   __divi
0000a740   _close
0000a860   _exit
0000a980   _memset
0000aaa0   _HOSTclose
0000aba0   _HOSTunlink
0000aca0   _MCBSP_open
0000ada0   _MCBSP_start
0000aea0   __doflush
0000af80   __rd_ok
0000b060   __strasg
0000b3e0   _copy_in
0000b560   _DSK6713_AIC23_setFreq
0000b620   _MCBSP_config
0000b6c0   __mpyll
0000b760   __remul
0000b800   __remull
0000b8a0   __roundf
0000b940   _fopen
0000b9e0   _fscanf
0000ba80   _readmsg
0000bbc0   _unlink
0000bc60   _writemsg
0000bcd8   C$$IO$$
0000bd00   __llshl
0000bd80   _c_int00
0000be00   _modff
0000be80   _DSK6713_DIP_init
0000be88   _DSK6713_DIP_get
0000bf00   __llshru
0000bf60   __subcull
0000bfc0   _IRQ_enable
0000c000   _IRQ_reset
0000c080   __args_main
0000c0c0   __truncf
0000c120   _IRQ_globalDisable
0000c140   _IRQ_globalEnable
0000c160   _IRQ_nmiEnable
0000c180   _MCBSP_getXmtEventId
0000c1a0   _MCBSP_read
0000c1c0   _MCBSP_rrdy
0000c1e0   _MCBSP_write
0000c200   _MCBSP_xrdy
0000c240   __negll
0000c260   __nop
0000c2a0   C$$EXIT
0000c2a0   _abort
0000c2c0   _remove
0000c2e0   __IRQ_hookFetchPacket
0000c300   ___etext__
0000c300   _fs
0000c300   etext
0000c304   _LED_counter
0000c308   _kernels
0000c498   _inBuffer
0000c560   _fourierBuffer
0000c6f0   _outBuffer
0000c7b8   _paulBuffer
0000c948   _y_n
0000ca10   _lastSampleIn
0000ca14   _lastSampleOut
0000ca18   _joey_index
0000ca1c   _oldFourierReal
0000ca20   _in
0000ca24   _out
0000ca28   _delay_count
0000ca2c   _paul_mult
0000cb94   __ftable
0000cc84   __tmpnams
0000cd24   __ft_end
0000cd50   __IRQ_eventTable
0000cdd4   __IRQ_intTable
0000ce14   __IRQ_dispatchTable
0000cfb8   _AIC_data
0000cfc4   _AIC23CfgData
0000cfe4   _config
0000d00c   _hAIC23_handle
0000d040   __MCBSP_hDev0
0000d044   __MCBSP_hDev1
0000d0b0   __cleanup_ptr
0000d0b4   __dtors_ptr
0000d0b8   ___TI_enable_exit_profile_output
0000d0bc   _DSK6713_AIC23_codeccontrolhandle
0000d0c0   _DSK6713_AIC23_codecdatahandle
0000d0c4   __lock
0000d0c8   __unlock
0000d0d4   _errno
0000d0dc   _DSK6713_version
0000d0e0   ___cinit__
0000d0e0   cinit
0000d510   __stack
0000d910   __STACK_END
0000d910   __sys_memory
0000dd10   __ctypes_
0000dfd8   __CIOBUF_
ffffffff   ___TI_pprof_out_hndl
ffffffff   ___TI_prof_data_size
ffffffff   ___TI_prof_data_start
ffffffff   ___binit__
ffffffff   ___c_args__
ffffffff   ___pinit__
ffffffff   binit
ffffffff   pinit

[192 symbols]
