******************************************************************************
               TMS320C6x Linker PC v7.2.3                      
******************************************************************************
>> Linked Wed Apr 25 22:11:23 2018

OUTPUT FILE NAME:   <RingModLab.out>
ENTRY POINT SYMBOL: "_c_int00"  address: 0000c680


MEMORY CONFIGURATION

         name            origin    length      used     unused   attr    fill
----------------------  --------  ---------  --------  --------  ----  --------
  IVECS                 00000000   00000220  00000200  00000020  RWIX
  IRAM                  00000220   0002fde0  0000f4c6  0002091a  RWIX
  SDRAM                 80000000   00100000  0003a988  000c5678  RWIX
  FLASH                 90000000   00020000  00000000  00020000  RWIX


SECTION ALLOCATION MAP

 output                                  attributes/
section   page    origin      length       input sections
--------  ----  ----------  ----------   ----------------
.vecs      0    00000000    00000200     
                  00000000    00000200     Vectors_intr.obj (.vecs)

.text      0    00000220    0000c960     
                  00000220    00000e20     main.obj (.text)
                  00001040    00000c60     rts6700.lib : _scanfi.obj (.text:__scanfi)
                  00001ca0    000007e0                 : divd.obj (.text:__divd)
                  00002480    000007c0                 : _scanfi.obj (.text:__sset_arg)
                  00002c40    000007a0     c6713dskinit.obj (.text)
                  000033e0    00000620     rts6700.lib : _scanfi.obj (.text:__sproc_int)
                  00003a00    00000600                 : strtod.obj (.text:_strtod)
                  00004000    00000600                 : strtold.obj (.text:_strtold)
                  00004600    00000600     main.obj (.text:retain)
                  00004c00    000005e0     rts6700.lib : strtoll.obj (.text:_strtoll)
                  000051e0    00000540                 : strtol.obj (.text:_strtol)
                  00005720    00000500                 : strtoul.obj (.text:_strtoul)
                  00005c20    000004a0                 : strtoull.obj (.text:_strtoull)
                  000060c0    00000480     dsk6713bsl.lib : dsk6713.obj (.text)
                  00006540    000003a0     rts6700.lib : _scanfi.obj (.text:__sget_conv)
                  000068e0    00000380                 : imath64.obj (.text:__divull)
                  00006c60    00000380                 : memory.obj (.text:_free)
                  00006fe0    00000360                 : _scanfi.obj (.text:__sproc_float)
                  00007340    00000340                 : frcmpyd_div.obj (.text:__frcmpyd_div)
                  00007680    00000320     dsk6713bsl.lib : dsk6713_aic23_opencodec.obj (.text)
                  000079a0    00000260     rts6700.lib : imath40.obj (.text:__divul)
                  00007c00    00000260                 : exp.obj (.text:_exp)
                  00007e60    00000240                 : fscanf.obj (.text:__chkmbc)
                  000080a0    00000240                 : fopen.obj (.text:__openfile)
                  000082e0    00000240                 : _scanfi.obj (.text:__sproc_lb)
                  00008520    00000240                 : memory.obj (.text:_malloc)
                  00008760    00000240                 : memcpy62.obj (.text:_memcpy)
                  000089a0    00000220                 : trgdrv.obj (.text:_HOSTrename)
                  00008bc0    00000220                 : lowlev.obj (.text:_open)
                  00008de0    00000200                 : setvbuf.obj (.text:_setvbuf)
                  00008fe0    000001e0                 : _scanfi.obj (.text:__sproc_str)
                  000091c0    000001e0                 : lowlev.obj (.text:_getdevice)
                  000093a0    000001c0     csl6713.lib : csl_irq.obj (.text:_IRQ_map)
                  00009560    000001a0                 : csl_mcbsp.obj (.text:_MCBSP_reset)
                  00009700    000001a0     rts6700.lib : _bufread.obj (.text:__buff_read)
                  000098a0    000001a0     dsk6713bsl.lib : dsk6713_led.obj (.text)
                  00009a40    00000180     rts6700.lib : fopen.obj (.text:__search_fp)
                  00009bc0    00000180                 : ldexp.obj (.text:_ldexp)
                  00009d40    00000160                 : trgdrv.obj (.text:_HOSTlseek)
                  00009ea0    00000160                 : autoinit.obj (.text:__auto_init)
                  0000a000    00000160                 : fclose.obj (.text:_fclose)
                  0000a160    00000160                 : fgetc.obj (.text:_fgetc)
                  0000a2c0    00000160     dsk6713bsl.lib : dsk6713_aic23_registers.obj (.text)
                  0000a420    00000140     rts6700.lib : trgdrv.obj (.text:_HOSTread)
                  0000a560    00000140                 : _scanfi.obj (.text:__sget_scanset)
                  0000a6a0    00000140                 : atoi.obj (.text:_atoi)
                  0000a7e0    00000140                 : lowlev.obj (.text:_read)
                  0000a920    00000140                 : ungetc.obj (.text:_ungetc)
                  0000aa60    00000140                 : lowlev.obj (.text:_write)
                  0000aba0    00000120                 : trgdrv.obj (.text:_HOSTopen)
                  0000acc0    00000120                 : trgdrv.obj (.text:_HOSTwrite)
                  0000ade0    00000120                 : fopen.obj (.text:__cleanup)
                  0000af00    00000120                 : divi.obj (.text:__divi)
                  0000b020    00000120                 : lowlev.obj (.text:_close)
                  0000b140    00000120                 : exit.obj (.text:_exit)
                  0000b260    00000120                 : memset.obj (.text:_memset)
                  0000b380    00000100                 : trgdrv.obj (.text:_HOSTclose)
                  0000b480    00000100                 : trgdrv.obj (.text:_HOSTunlink)
                  0000b580    00000100     csl6713.lib : csl_mcbsp.obj (.text:_MCBSP_open)
                  0000b680    00000100                 : csl_mcbsp.obj (.text:_MCBSP_start)
                  0000b780    000000e0     rts6700.lib : fflush.obj (.text:__doflush)
                  0000b860    000000e0                 : _io_perm.obj (.text:__rd_ok)
                  0000b940    000000e0                 : strasg.obj (.text:__strasg)
                  0000ba20    000000e0                 : memory.obj (.text:_minsert)
                  0000bb00    000000e0                 : memory.obj (.text:_mremove)
                  0000bbe0    000000e0                 : lowlev.obj (.text:_tabinit)
                  0000bcc0    000000c0                 : cpy_tbl.obj (.text:_copy_in)
                  0000bd80    000000c0                 : lowlev.obj (.text:_finddevice)
                  0000be40    000000c0                 : modf.obj (.text:_modf)
                  0000bf00    000000c0     dsk6713bsl.lib : dsk6713_aic23_setfreq.obj (.text)
                  0000bfc0    000000a0     csl6713.lib : csl_mcbsp.obj (.text:_MCBSP_config)
                  0000c060    000000a0     rts6700.lib : mpyll.obj (.text:__mpyll)
                  0000c100    000000a0                 : imath40.obj (.text:__remul)
                  0000c1a0    000000a0                 : imath64.obj (.text:__remull)
                  0000c240    000000a0                 : fopen.obj (.text:_fopen)
                  0000c2e0    000000a0                 : fscanf.obj (.text:_fscanf)
                  0000c380    000000a0                 : trgmsg.obj (.text:_readmsg)
                  0000c420    000000a0     csl6713.lib : csl_irq.obj (.text:_setMux)
                  0000c4c0    000000a0     rts6700.lib : lowlev.obj (.text:_unlink)
                  0000c560    000000a0                 : trgmsg.obj (.text:_writemsg)
                  0000c600    00000080                 : llshift.obj (.text:__llshl)
                  0000c680    00000080                 : boot.obj (.text:_c_int00)
                  0000c700    00000080     dsk6713bsl.lib : dsk6713_dip.obj (.text)
                  0000c780    00000060     rts6700.lib : llshift.obj (.text:__llshru)
                  0000c7e0    00000060                 : imath64.obj (.text:__subcull)
                  0000c840    00000040     csl6713.lib : csl_irq.obj (.text:_IRQ_enable)
                  0000c880    00000040                 : csl_irq.obj (.text:_IRQ_reset)
                  0000c8c0    00000040     rts6700.lib : divd.obj (.text:___isnan)
                  0000c900    00000040                 : args_main.obj (.text:__args_main)
                  0000c940    00000040                 : trunc.obj (.text:__trunc)
                  0000c980    00000020     Vectors_intr.obj (.text)
                  0000c9a0    00000020     csl6713.lib : csl_irq.obj (.text:_IRQ_globalDisable)
                  0000c9c0    00000020                 : csl_irq.obj (.text:_IRQ_globalEnable)
                  0000c9e0    00000020                 : csl_irq.obj (.text:_IRQ_nmiEnable)
                  0000ca00    00000020                 : csl_mcbsp.obj (.text:_MCBSP_getXmtEventId)
                  0000ca20    00000020                 : csl_mcbsp.obj (.text:_MCBSP_read)
                  0000ca40    00000020                 : csl_mcbsp.obj (.text:_MCBSP_rrdy)
                  0000ca60    00000020                 : csl_mcbsp.obj (.text:_MCBSP_write)
                  0000ca80    00000020                 : csl_mcbsp.obj (.text:_MCBSP_xrdy)
                  0000caa0    00000020     rts6700.lib : fscanf.obj (.text:__inpchar)
                  0000cac0    00000020                 : negll.obj (.text:__negll)
                  0000cae0    00000020                 : _lock.obj (.text:__nop)
                  0000cb00    00000020                 : fscanf.obj (.text:__uninpchar)
                  0000cb20    00000020                 : exit.obj (.text:_abort)
                  0000cb40    00000020                 : remove.obj (.text:_remove)
                  0000cb60    00000020     csl6713.lib : csl_irq.obj (.text)

.bss       0    00000220    00000000     UNINITIALIZED

.far       0    0000cb80    00001ab4     UNINITIALIZED
                  0000cb80    00001558     main.obj (.far)
                  0000e0d8    00000194     rts6700.lib : defs.obj (.far)
                  0000e26c    000000f4     csl6713.lib : csl_irq.obj (.far)
                  0000e360    000000d0     rts6700.lib : trgdrv.obj (.far)
                  0000e430    000000cc                 : lowlev.obj (.far)
                  0000e4fc    00000058     c6713dskinit.obj (.far)
                  0000e554    00000038     csl6713.lib : csl_mcbsp.obj (.far)
                  0000e58c    00000004     rts6700.lib : errno.obj (.far)
                  0000e590    00000030                 : exp.obj (.far)
                  0000e5c0    00000028     dsk6713bsl.lib : dsk6713_aic23_registers.obj (.far)
                  0000e5e8    00000020                    : dsk6713_aic23_setfreq.obj (.far)
                  0000e608    0000000c     rts6700.lib : exit.obj (.far)
                  0000e614    00000008     dsk6713bsl.lib : dsk6713_aic23_opencodec.obj (.far)
                  0000e61c    00000008     rts6700.lib : _lock.obj (.far)
                  0000e624    00000008                 : memory.obj (.far)
                  0000e62c    00000004                 : fopen.obj (.far)
                  0000e630    00000002     dsk6713bsl.lib : dsk6713.obj (.far)
                  0000e632    00000002                    : dsk6713_led.obj (.far)

.cinit     0    0000e638    0000049c     
                  0000e638    0000012c     csl6713.lib : csl_irq.obj (.cinit)
                  0000e764    00000004     --HOLE-- [fill = 0]
                  0000e768    000000ba     main.obj (.cinit)
                  0000e822    00000006     --HOLE-- [fill = 0]
                  0000e828    0000005c     rts6700.lib : defs.obj (.cinit)
                  0000e884    00000004     --HOLE-- [fill = 0]
                  0000e888    0000005c                 : lowlev.obj (.cinit)
                  0000e8e4    00000004     --HOLE-- [fill = 0]
                  0000e8e8    00000058     c6713dskinit.obj (.cinit)
                  0000e940    00000054     csl6713.lib : csl_mcbsp.obj (.cinit)
                  0000e994    00000004     --HOLE-- [fill = 0]
                  0000e998    00000040     rts6700.lib : exp.obj (.cinit)
                  0000e9d8    00000030     dsk6713bsl.lib : dsk6713_aic23_registers.obj (.cinit)
                  0000ea08    0000002c     rts6700.lib : exit.obj (.cinit)
                  0000ea34    00000004     --HOLE-- [fill = 0]
                  0000ea38    0000002c                 : memory.obj (.cinit)
                  0000ea64    00000004     --HOLE-- [fill = 0]
                  0000ea68    00000028     dsk6713bsl.lib : dsk6713_aic23_setfreq.obj (.cinit)
                  0000ea90    0000001c     rts6700.lib : _lock.obj (.cinit)
                  0000eaac    00000004     --HOLE-- [fill = 0]
                  0000eab0    0000000c                 : errno.obj (.cinit)
                  0000eabc    00000004     --HOLE-- [fill = 0]
                  0000eac0    0000000c                 : fopen.obj (.cinit)
                  0000eacc    00000004     --HOLE-- [fill = 0]
                  0000ead0    00000004     (.pad.cinit) [fill = 0]

.stack     0    0000ead8    00000400     UNINITIALIZED
                  0000ead8    00000008     rts6700.lib : boot.obj (.stack)
                  0000eae0    000003f8     --HOLE--

.sysmem    0    0000eed8    00000400     UNINITIALIZED
                  0000eed8    00000008     rts6700.lib : memory.obj (.sysmem)
                  0000eee0    000003f8     --HOLE--

.const     0    0000f2d8    000002ce     
                  0000f2d8    00000101     rts6700.lib : ctype.obj (.const:__ctypes_)
                  0000f3d9    00000007     --HOLE-- [fill = 0]
                  0000f3e0    00000050                 : strtod.obj (.const:_digits)
                  0000f430    00000050                 : strtold.obj (.const:_digits)
                  0000f480    00000048                 : strtod.obj (.const:_powerof10)
                  0000f4c8    00000048                 : strtold.obj (.const:_powerof10)
                  0000f510    00000040     dsk6713bsl.lib : dsk6713_aic23_opencodec.obj (.const)
                  0000f550    00000020     main.obj (.const:.string)
                  0000f570    00000020     dsk6713bsl.lib : dsk6713.obj (.const)
                  0000f590    00000008     rts6700.lib : divd.obj (.const:_initial_approx$1)
                  0000f598    00000007                 : _scanfi.obj (.const:_flit$1)
                  0000f59f    00000001     --HOLE-- [fill = 0]
                  0000f5a0    00000006                 : _scanfi.obj (.const:_barr$2)

.cio       0    0000f5a8    00000120     UNINITIALIZED
                  0000f5a8    00000120     rts6700.lib : trgmsg.obj (.cio)

.switch    0    0000f6c8    00000028     
                  0000f6c8    00000028     rts6700.lib : _scanfi.obj (.switch:__sset_arg)

.EXT_RAM   0    80000000    0003a988     UNINITIALIZED
                  80000000    0003a988     main.obj (.EXT_RAM)


GLOBAL SYMBOLS: SORTED ALPHABETICALLY BY Name 

address    name
--------   ----
00000220   $bss
00000220   .bss
00000220   .text
0000cb20   C$$EXIT
0000c5d8   C$$IO$$
0000e508   _AIC23CfgData
0000e4fc   _AIC_data
0000e614   _DSK6713_AIC23_codeccontrolhandle
0000e618   _DSK6713_AIC23_codecdatahandle
0000a380   _DSK6713_AIC23_config
00007680   _DSK6713_AIC23_openCodec
0000a35c   _DSK6713_AIC23_rget
0000a2c0   _DSK6713_AIC23_rset
0000bf00   _DSK6713_AIC23_setFreq
0000c708   _DSK6713_DIP_get
0000c700   _DSK6713_DIP_init
000098a0   _DSK6713_LED_init
000098c8   _DSK6713_LED_off
00009924   _DSK6713_LED_on
00009980   _DSK6713_LED_toggle
000064d4   _DSK6713_getVersion
0000610c   _DSK6713_init
00006428   _DSK6713_rget
0000643c   _DSK6713_rset
0000e630   _DSK6713_version
00006450   _DSK6713_wait
000064a8   _DSK6713_waitusec
0000b380   _HOSTclose
00009d40   _HOSTlseek
0000aba0   _HOSTopen
0000a420   _HOSTread
000089a0   _HOSTrename
0000b480   _HOSTunlink
0000acc0   _HOSTwrite
0000c840   _IRQ_enable
0000c9a0   _IRQ_globalDisable
0000c9c0   _IRQ_globalEnable
000093a0   _IRQ_map
0000c9e0   _IRQ_nmiEnable
0000c880   _IRQ_reset
0000cb84   _LED_counter
0000bfc0   _MCBSP_config
0000ca00   _MCBSP_getXmtEventId
0000b580   _MCBSP_open
0000ca20   _MCBSP_read
00009560   _MCBSP_reset
0000ca40   _MCBSP_rrdy
0000b680   _MCBSP_start
0000ca60   _MCBSP_write
0000ca80   _MCBSP_xrdy
0000f5a8   __CIOBUF_
0000e358   __IRQ_dispatchTable
0000e294   __IRQ_eventTable
0000cb60   __IRQ_hookFetchPacket
0000e318   __IRQ_intTable
0000e584   __MCBSP_hDev0
0000e588   __MCBSP_hDev1
0000eed8   __STACK_END
00000400   __STACK_SIZE
00000400   __SYSMEM_SIZE
00000001   __TI_args_main
0000e610   ___TI_enable_exit_profile_output
ffffffff   ___TI_pprof_out_hndl
ffffffff   ___TI_prof_data_size
ffffffff   ___TI_prof_data_start
ffffffff   ___binit__
00000220   ___bss__
ffffffff   ___c_args__
0000e638   ___cinit__
00000220   ___end__
0000cb80   ___etext__
ffffffff   ___pinit__
00000220   ___text__
0000c900   __args_main
00009ea0   __auto_init
00009700   __buff_read
0000af00   __c6xabi_divi
0000ade0   __cleanup
0000e608   __cleanup_ptr
0000f2d8   __ctypes_
00001ca0   __divd
0000af00   __divi
000079a0   __divul
000068e0   __divull
0000b780   __doflush
0000e60c   __dtors_ptr
00007340   __frcmpyd_div
0000e268   __ft_end
0000e0d8   __ftable
0000c600   __llshl
0000c780   __llshru
0000e61c   __lock
0000c060   __mpyll
0000cac0   __negll
0000cae0   __nop
0000b860   __rd_ok
0000c100   __remul
0000c1a0   __remull
00001040   __scanfi
0000ead8   __stack
0000b940   __strasg
0000c7e0   __subcull
0000eed8   __sys_memory
0000e1c8   __tmpnams
0000c940   __trunc
0000e620   __unlock
0000cb20   _abort
00000ac8   _absolute
0000a6a0   _atoi
80000000   _att_env_table
0000e0d6   _band_picked
00002c40   _c6713_dsk_init
0000c680   _c_int00
00004600   _c_int11
0000b020   _close
00002d38   _comm_intr
00002d04   _comm_poll
0000e528   _config
0000bcc0   _copy_in
0000e58c   _errno
0000b140   _exit
00007c00   _exp
0000a000   _fclose
0000a160   _fgetc
0000c240   _fopen
0000cf28   _fourierBuffer
00006c60   _free
0000cb80   _fs
0000c2e0   _fscanf
00000c40   _gen_env_tables
00000b08   _gen_kernels
0000a160   _getc
0000e550   _hAIC23_handle
0000cc28   _i
00003240   _input_left_sample
00003308   _input_right_sample
0000313c   _input_sample
0000cb88   _j
0000d508   _joey
0000cc38   _joeyBuffer
0000cc30   _k
0000cc34   _lastState
00009bc0   _ldexp
00000394   _leahy
00000b48   _loadPAULFile
00000ea4   _main
00008520   _malloc
00000964   _max
0000cc36   _max_index
00008760   _memcpy
0000b260   _memset
0000be40   _modf
0000d50c   _oldFourier
00008bc0   _open
00002f7c   _output_left_sample
0000305c   _output_right_sample
00002e64   _output_sample
00000220   _paul
0000dde4   _paul_avg
0000d514   _paul_band12
0000d804   _paul_band3
0000daf4   _paul_band4
0000a7e0   _read
0000c380   _readmsg
80004e24   _rel_env_table
0000cb40   _remove
00008de0   _setvbuf
00003a00   _strtod
000051e0   _strtol
00004000   _strtold
00004c00   _strtoll
00005720   _strtoul
00005c20   _strtoull
0000d510   _sum
80009c48   _sus_env_table
0000a920   _ungetc
0000c4c0   _unlink
00000020   _vector1
00000140   _vector10
00000180   _vector12
000001a0   _vector13
000001c0   _vector14
000001e0   _vector15
00000040   _vector2
00000060   _vector3
00000080   _vector4
000000a0   _vector5
000000c0   _vector6
000000e0   _vector7
00000100   _vector8
00000120   _vector9
00000000   _vectors
0000e0d4   _which_band
0000aa60   _write
0000c560   _writemsg
0000cc22   _y
0000cc24   _y_avg
0000cb8c   _y_buff
0000cc2c   _y_index
ffffffff   binit
0000e638   cinit
00000220   end
0000cb80   etext
ffffffff   pinit


GLOBAL SYMBOLS: SORTED BY Symbol Address 

address    name
--------   ----
00000000   _vectors
00000001   __TI_args_main
00000020   _vector1
00000040   _vector2
00000060   _vector3
00000080   _vector4
000000a0   _vector5
000000c0   _vector6
000000e0   _vector7
00000100   _vector8
00000120   _vector9
00000140   _vector10
00000180   _vector12
000001a0   _vector13
000001c0   _vector14
000001e0   _vector15
00000220   $bss
00000220   .bss
00000220   .text
00000220   ___bss__
00000220   ___end__
00000220   ___text__
00000220   _paul
00000220   end
00000394   _leahy
00000400   __STACK_SIZE
00000400   __SYSMEM_SIZE
00000964   _max
00000ac8   _absolute
00000b08   _gen_kernels
00000b48   _loadPAULFile
00000c40   _gen_env_tables
00000ea4   _main
00001040   __scanfi
00001ca0   __divd
00002c40   _c6713_dsk_init
00002d04   _comm_poll
00002d38   _comm_intr
00002e64   _output_sample
00002f7c   _output_left_sample
0000305c   _output_right_sample
0000313c   _input_sample
00003240   _input_left_sample
00003308   _input_right_sample
00003a00   _strtod
00004000   _strtold
00004600   _c_int11
00004c00   _strtoll
000051e0   _strtol
00005720   _strtoul
00005c20   _strtoull
0000610c   _DSK6713_init
00006428   _DSK6713_rget
0000643c   _DSK6713_rset
00006450   _DSK6713_wait
000064a8   _DSK6713_waitusec
000064d4   _DSK6713_getVersion
000068e0   __divull
00006c60   _free
00007340   __frcmpyd_div
00007680   _DSK6713_AIC23_openCodec
000079a0   __divul
00007c00   _exp
00008520   _malloc
00008760   _memcpy
000089a0   _HOSTrename
00008bc0   _open
00008de0   _setvbuf
000093a0   _IRQ_map
00009560   _MCBSP_reset
00009700   __buff_read
000098a0   _DSK6713_LED_init
000098c8   _DSK6713_LED_off
00009924   _DSK6713_LED_on
00009980   _DSK6713_LED_toggle
00009bc0   _ldexp
00009d40   _HOSTlseek
00009ea0   __auto_init
0000a000   _fclose
0000a160   _fgetc
0000a160   _getc
0000a2c0   _DSK6713_AIC23_rset
0000a35c   _DSK6713_AIC23_rget
0000a380   _DSK6713_AIC23_config
0000a420   _HOSTread
0000a6a0   _atoi
0000a7e0   _read
0000a920   _ungetc
0000aa60   _write
0000aba0   _HOSTopen
0000acc0   _HOSTwrite
0000ade0   __cleanup
0000af00   __c6xabi_divi
0000af00   __divi
0000b020   _close
0000b140   _exit
0000b260   _memset
0000b380   _HOSTclose
0000b480   _HOSTunlink
0000b580   _MCBSP_open
0000b680   _MCBSP_start
0000b780   __doflush
0000b860   __rd_ok
0000b940   __strasg
0000bcc0   _copy_in
0000be40   _modf
0000bf00   _DSK6713_AIC23_setFreq
0000bfc0   _MCBSP_config
0000c060   __mpyll
0000c100   __remul
0000c1a0   __remull
0000c240   _fopen
0000c2e0   _fscanf
0000c380   _readmsg
0000c4c0   _unlink
0000c560   _writemsg
0000c5d8   C$$IO$$
0000c600   __llshl
0000c680   _c_int00
0000c700   _DSK6713_DIP_init
0000c708   _DSK6713_DIP_get
0000c780   __llshru
0000c7e0   __subcull
0000c840   _IRQ_enable
0000c880   _IRQ_reset
0000c900   __args_main
0000c940   __trunc
0000c9a0   _IRQ_globalDisable
0000c9c0   _IRQ_globalEnable
0000c9e0   _IRQ_nmiEnable
0000ca00   _MCBSP_getXmtEventId
0000ca20   _MCBSP_read
0000ca40   _MCBSP_rrdy
0000ca60   _MCBSP_write
0000ca80   _MCBSP_xrdy
0000cac0   __negll
0000cae0   __nop
0000cb20   C$$EXIT
0000cb20   _abort
0000cb40   _remove
0000cb60   __IRQ_hookFetchPacket
0000cb80   ___etext__
0000cb80   _fs
0000cb80   etext
0000cb84   _LED_counter
0000cb88   _j
0000cb8c   _y_buff
0000cc22   _y
0000cc24   _y_avg
0000cc28   _i
0000cc2c   _y_index
0000cc30   _k
0000cc34   _lastState
0000cc36   _max_index
0000cc38   _joeyBuffer
0000cf28   _fourierBuffer
0000d508   _joey
0000d50c   _oldFourier
0000d510   _sum
0000d514   _paul_band12
0000d804   _paul_band3
0000daf4   _paul_band4
0000dde4   _paul_avg
0000e0d4   _which_band
0000e0d6   _band_picked
0000e0d8   __ftable
0000e1c8   __tmpnams
0000e268   __ft_end
0000e294   __IRQ_eventTable
0000e318   __IRQ_intTable
0000e358   __IRQ_dispatchTable
0000e4fc   _AIC_data
0000e508   _AIC23CfgData
0000e528   _config
0000e550   _hAIC23_handle
0000e584   __MCBSP_hDev0
0000e588   __MCBSP_hDev1
0000e58c   _errno
0000e608   __cleanup_ptr
0000e60c   __dtors_ptr
0000e610   ___TI_enable_exit_profile_output
0000e614   _DSK6713_AIC23_codeccontrolhandle
0000e618   _DSK6713_AIC23_codecdatahandle
0000e61c   __lock
0000e620   __unlock
0000e630   _DSK6713_version
0000e638   ___cinit__
0000e638   cinit
0000ead8   __stack
0000eed8   __STACK_END
0000eed8   __sys_memory
0000f2d8   __ctypes_
0000f5a8   __CIOBUF_
80000000   _att_env_table
80004e24   _rel_env_table
80009c48   _sus_env_table
ffffffff   ___TI_pprof_out_hndl
ffffffff   ___TI_prof_data_size
ffffffff   ___TI_prof_data_start
ffffffff   ___binit__
ffffffff   ___c_args__
ffffffff   ___pinit__
ffffffff   binit
ffffffff   pinit

[204 symbols]
